=== RUN   Test_Stdlib_HelloWorld
    t_test.go:10: failed for reasons
--- FAIL: Test_Stdlib_HelloWorld (<TIMESTAMP>)
=== RUN   TestSimpleTestSuite
=== PAUSE TestSimpleTestSuite
=== CONT  TestSimpleTestSuite
=== RUN   TestSimpleTestSuite/TestT
=== RUN   TestSimpleTestSuite/TestT/should_perform_the_test_case
    t_test.go:17: failed for reasons
=== RUN   TestSimpleTestSuite/TestIsTrue
=== RUN   TestSimpleTestSuite/TestIsTrue/fails
    assertions.go:30: True failed:
          expected: true
          actual:   false
          called from: t_test.go:23
=== RUN   TestSimpleTestSuite/TestIsTrue/succeeds
=== RUN   TestSimpleTestSuite/TestIsFalse
=== RUN   TestSimpleTestSuite/TestIsFalse/fails
    assertions.go:30: False failed:
          expected: false
          actual:   true
          called from: t_test.go:32
=== RUN   TestSimpleTestSuite/TestIsFalse/succeeds
=== RUN   TestSimpleTestSuite/TestIsEqualTo
=== RUN   TestSimpleTestSuite/TestIsEqualTo/fails
    assertions.go:30: Equal failed:
          expected: []string{"def"}
          actual:   []string{"abc"}
          called from: t_test.go:41
=== RUN   TestSimpleTestSuite/TestIsEqualTo/succeeds
=== RUN   TestSimpleTestSuite/TestIsZero
=== RUN   TestSimpleTestSuite/TestIsZero/fails
    assertions.go:30: Zero failed:
          expected: "" (zero value)
          actual:   "abc"
          called from: t_test.go:50
=== RUN   TestSimpleTestSuite/TestIsZero/succeeds
=== RUN   TestSimpleTestSuite/TestIsEmpty
=== RUN   TestSimpleTestSuite/TestIsEmpty/fails
    assertions.go:30: Empty failed:
          object is not empty: []string{"abc"}
          called from: t_test.go:59
=== RUN   TestSimpleTestSuite/TestIsEmpty/succeeds
=== RUN   TestSimpleTestSuite/TestHasLength
=== RUN   TestSimpleTestSuite/TestHasLength/fails
    assertions.go:30: Len failed:
          expected length 3
          actual length 1
          called from: t_test.go:69
=== RUN   TestSimpleTestSuite/TestHasLength/succeeds
=== RUN   TestSimpleTestSuite/TestContains
=== RUN   TestSimpleTestSuite/TestContains/fails
    assertions.go:30: Contains failed:
          "hello" does not contain "xyz"
          called from: t_test.go:79
=== RUN   TestSimpleTestSuite/TestContains/succeeds
=== RUN   TestSimpleTestSuite/TestStdlibCompat
    assertions.go:30: True failed:
          expected: true
          actual:   false
          called from: t_test.go:88
=== RUN   TestSimpleTestSuite/TestHelperTrace
=== RUN   TestSimpleTestSuite/TestHelperTrace/shows_called_from_trace
    assertions.go:30: True failed:
          expected: true
          actual:   false
          called from: t_test.go:97
--- FAIL: TestSimpleTestSuite (<TIMESTAMP>)
    --- FAIL: TestSimpleTestSuite/TestT (<TIMESTAMP>)
        --- FAIL: TestSimpleTestSuite/TestT/should_perform_the_test_case (<TIMESTAMP>)
    --- FAIL: TestSimpleTestSuite/TestIsTrue (<TIMESTAMP>)
        --- FAIL: TestSimpleTestSuite/TestIsTrue/fails (<TIMESTAMP>)
        --- PASS: TestSimpleTestSuite/TestIsTrue/succeeds (<TIMESTAMP>)
    --- FAIL: TestSimpleTestSuite/TestIsFalse (<TIMESTAMP>)
        --- FAIL: TestSimpleTestSuite/TestIsFalse/fails (<TIMESTAMP>)
        --- PASS: TestSimpleTestSuite/TestIsFalse/succeeds (<TIMESTAMP>)
    --- FAIL: TestSimpleTestSuite/TestIsEqualTo (<TIMESTAMP>)
        --- FAIL: TestSimpleTestSuite/TestIsEqualTo/fails (<TIMESTAMP>)
        --- PASS: TestSimpleTestSuite/TestIsEqualTo/succeeds (<TIMESTAMP>)
    --- FAIL: TestSimpleTestSuite/TestIsZero (<TIMESTAMP>)
        --- FAIL: TestSimpleTestSuite/TestIsZero/fails (<TIMESTAMP>)
        --- PASS: TestSimpleTestSuite/TestIsZero/succeeds (<TIMESTAMP>)
    --- FAIL: TestSimpleTestSuite/TestIsEmpty (<TIMESTAMP>)
        --- FAIL: TestSimpleTestSuite/TestIsEmpty/fails (<TIMESTAMP>)
        --- PASS: TestSimpleTestSuite/TestIsEmpty/succeeds (<TIMESTAMP>)
    --- FAIL: TestSimpleTestSuite/TestHasLength (<TIMESTAMP>)
        --- FAIL: TestSimpleTestSuite/TestHasLength/fails (<TIMESTAMP>)
        --- PASS: TestSimpleTestSuite/TestHasLength/succeeds (<TIMESTAMP>)
    --- FAIL: TestSimpleTestSuite/TestContains (<TIMESTAMP>)
        --- FAIL: TestSimpleTestSuite/TestContains/fails (<TIMESTAMP>)
        --- PASS: TestSimpleTestSuite/TestContains/succeeds (<TIMESTAMP>)
    --- FAIL: TestSimpleTestSuite/TestStdlibCompat (<TIMESTAMP>)
    --- FAIL: TestSimpleTestSuite/TestHelperTrace (<TIMESTAMP>)
        --- FAIL: TestSimpleTestSuite/TestHelperTrace/shows_called_from_trace (<TIMESTAMP>)
FAIL
FAIL	github.com/mvrahden/go-test/pkg/gotest	<TIMESTAMP>
FAIL
exit status 1
