=== RUN   Test_Stdlib_HelloWorld
    t_test.go:10: failed for reasons
--- FAIL: Test_Stdlib_HelloWorld (<TIMESTAMP>)
=== RUN   TestSimpleTestSuite
=== RUN   TestSimpleTestSuite/TestT
=== RUN   TestSimpleTestSuite/TestT/should_perform_the_test_case
    t_test.go:17: failed for reasons
=== RUN   TestSimpleTestSuite/TestIsTrue
=== RUN   TestSimpleTestSuite/TestIsTrue/fails
    base.go:31: True failed:
          got: abc
=== RUN   TestSimpleTestSuite/TestIsTrue/succeeds
=== RUN   TestSimpleTestSuite/TestIsFalse
=== RUN   TestSimpleTestSuite/TestIsFalse/fails
    base.go:39: False failed:
          got: abc
=== RUN   TestSimpleTestSuite/TestIsFalse/succeeds
=== RUN   TestSimpleTestSuite/TestIsEqualTo
=== RUN   TestSimpleTestSuite/TestIsEqualTo/fails
    base.go:23: Equal failed:
          expected: []string{"def"}
          actual:   []string{"abc"}
=== RUN   TestSimpleTestSuite/TestIsEqualTo/succeeds
=== RUN   TestSimpleTestSuite/TestIsZero
=== RUN   TestSimpleTestSuite/TestIsZero/fails
    base.go:52: Zero failed:
          got: []string{"abc"}
=== RUN   TestSimpleTestSuite/TestIsZero/succeeds
=== RUN   TestSimpleTestSuite/TestIsEmpty
=== RUN   TestSimpleTestSuite/TestIsEmpty/fails
    base.go:75: Empty failed:
          got length: 1
=== RUN   TestSimpleTestSuite/TestIsEmpty/succeeds
=== RUN   TestSimpleTestSuite/TestHasLength
=== RUN   TestSimpleTestSuite/TestHasLength/fails
    base.go:89: HasLength failed:
          expected length: 3
          actual length:   1
=== RUN   TestSimpleTestSuite/TestHasLength/succeeds
=== RUN   TestSimpleTestSuite/TestHasCapacity
=== RUN   TestSimpleTestSuite/TestHasCapacity/fails
    base.go:103: HasCapacity failed:
          expected capacity: 3
          actual capacity:   1
=== RUN   TestSimpleTestSuite/TestHasCapacity/succeeds
--- FAIL: TestSimpleTestSuite (<TIMESTAMP>)
    --- FAIL: TestSimpleTestSuite/TestT (<TIMESTAMP>)
        --- FAIL: TestSimpleTestSuite/TestT/should_perform_the_test_case (<TIMESTAMP>)
    --- FAIL: TestSimpleTestSuite/TestIsTrue (<TIMESTAMP>)
        --- FAIL: TestSimpleTestSuite/TestIsTrue/fails (<TIMESTAMP>)
        --- PASS: TestSimpleTestSuite/TestIsTrue/succeeds (<TIMESTAMP>)
    --- FAIL: TestSimpleTestSuite/TestIsFalse (<TIMESTAMP>)
        --- FAIL: TestSimpleTestSuite/TestIsFalse/fails (<TIMESTAMP>)
        --- PASS: TestSimpleTestSuite/TestIsFalse/succeeds (<TIMESTAMP>)
    --- FAIL: TestSimpleTestSuite/TestIsEqualTo (<TIMESTAMP>)
        --- FAIL: TestSimpleTestSuite/TestIsEqualTo/fails (<TIMESTAMP>)
        --- PASS: TestSimpleTestSuite/TestIsEqualTo/succeeds (<TIMESTAMP>)
    --- FAIL: TestSimpleTestSuite/TestIsZero (<TIMESTAMP>)
        --- FAIL: TestSimpleTestSuite/TestIsZero/fails (<TIMESTAMP>)
        --- PASS: TestSimpleTestSuite/TestIsZero/succeeds (<TIMESTAMP>)
    --- FAIL: TestSimpleTestSuite/TestIsEmpty (<TIMESTAMP>)
        --- FAIL: TestSimpleTestSuite/TestIsEmpty/fails (<TIMESTAMP>)
        --- PASS: TestSimpleTestSuite/TestIsEmpty/succeeds (<TIMESTAMP>)
    --- FAIL: TestSimpleTestSuite/TestHasLength (<TIMESTAMP>)
        --- FAIL: TestSimpleTestSuite/TestHasLength/fails (<TIMESTAMP>)
        --- PASS: TestSimpleTestSuite/TestHasLength/succeeds (<TIMESTAMP>)
    --- FAIL: TestSimpleTestSuite/TestHasCapacity (<TIMESTAMP>)
        --- FAIL: TestSimpleTestSuite/TestHasCapacity/fails (<TIMESTAMP>)
        --- PASS: TestSimpleTestSuite/TestHasCapacity/succeeds (<TIMESTAMP>)
FAIL
FAIL	github.com/mvrahden/go-test/pkg/gotest	<TIMESTAMP>
FAIL
exit status 1
