=== RUN   Test_Stdlib_HelloWorld
    t_test.go:10: failed for reasons
--- FAIL: Test_Stdlib_HelloWorld (<TIMESTAMP>)
=== RUN   TestTTestSuite
=== RUN   TestTTestSuite/TestT
=== RUN   TestTTestSuite/TestT/should_perform_the_test_case
    t_test.go:19: failed for reasons
--- FAIL: TestTTestSuite (<TIMESTAMP>)
    --- FAIL: TestTTestSuite/TestT (<TIMESTAMP>)
        --- FAIL: TestTTestSuite/TestT/should_perform_the_test_case (<TIMESTAMP>)
FAIL
FAIL	github.com/mvrahden/go-test/pkg/gotest	<TIMESTAMP>
FAIL

exit status 1
