=== SNAP TestOutputFormatGolden/json/single_passing_package ===
{"Action":"run","Package":"github.com/mvrahden/go-test/examples/auth","Test":"TestTokenValidatorTestSuite","Time":"\u003cTIMESTAMP\u003e"}
{"Action":"output","Output":"=== RUN   TestTokenValidatorTestSuite\n","Package":"github.com/mvrahden/go-test/examples/auth","Test":"TestTokenValidatorTestSuite","Time":"\u003cTIMESTAMP\u003e"}
{"Action":"run","Package":"github.com/mvrahden/go-test/examples/auth","Test":"TestTokenValidatorTestSuite/TestValidateToken","Time":"\u003cTIMESTAMP\u003e"}
{"Action":"output","Output":"=== RUN   TestTokenValidatorTestSuite/TestValidateToken\n","Package":"github.com/mvrahden/go-test/examples/auth","Test":"TestTokenValidatorTestSuite/TestValidateToken","Time":"\u003cTIMESTAMP\u003e"}
{"Action":"run","Package":"github.com/mvrahden/go-test/examples/auth","Test":"TestTokenValidatorTestSuite/TestValidateToken/the_token_is_valid","Time":"\u003cTIMESTAMP\u003e"}
{"Action":"output","Output":"=== RUN   TestTokenValidatorTestSuite/TestValidateToken/the_token_is_valid\n","Package":"github.com/mvrahden/go-test/examples/auth","Test":"TestTokenValidatorTestSuite/TestValidateToken/the_token_is_valid","Time":"\u003cTIMESTAMP\u003e"}
{"Action":"run","Package":"github.com/mvrahden/go-test/examples/auth","Test":"TestTokenValidatorTestSuite/TestValidateToken/the_token_is_valid/returns_no_error","Time":"\u003cTIMESTAMP\u003e"}
{"Action":"output","Output":"=== RUN   TestTokenValidatorTestSuite/TestValidateToken/the_token_is_valid/returns_no_error\n","Package":"github.com/mvrahden/go-test/examples/auth","Test":"TestTokenValidatorTestSuite/TestValidateToken/the_token_is_valid/returns_no_error","Time":"\u003cTIMESTAMP\u003e"}
{"Action":"output","Output":"--- PASS: TestTokenValidatorTestSuite/TestValidateToken/the_token_is_valid/returns_no_error (\u003cTIMESTAMP\u003e)\n","Package":"github.com/mvrahden/go-test/examples/auth","Test":"TestTokenValidatorTestSuite/TestValidateToken/the_token_is_valid/returns_no_error","Time":"\u003cTIMESTAMP\u003e"}
{"Action":"pass","Elapsed":"\u003cTIMESTAMP\u003e","Package":"github.com/mvrahden/go-test/examples/auth","Test":"TestTokenValidatorTestSuite/TestValidateToken/the_token_is_valid/returns_no_error","Time":"\u003cTIMESTAMP\u003e"}
{"Action":"run","Package":"github.com/mvrahden/go-test/examples/auth","Test":"TestTokenValidatorTestSuite/TestValidateToken/the_token_is_valid/extracts_the_email_claim","Time":"\u003cTIMESTAMP\u003e"}
{"Action":"output","Output":"=== RUN   TestTokenValidatorTestSuite/TestValidateToken/the_token_is_valid/extracts_the_email_claim\n","Package":"github.com/mvrahden/go-test/examples/auth","Test":"TestTokenValidatorTestSuite/TestValidateToken/the_token_is_valid/extracts_the_email_claim","Time":"\u003cTIMESTAMP\u003e"}
{"Action":"output","Output":"--- PASS: TestTokenValidatorTestSuite/TestValidateToken/the_token_is_valid/extracts_the_email_claim (\u003cTIMESTAMP\u003e)\n","Package":"github.com/mvrahden/go-test/examples/auth","Test":"TestTokenValidatorTestSuite/TestValidateToken/the_token_is_valid/extracts_the_email_claim","Time":"\u003cTIMESTAMP\u003e"}
{"Action":"pass","Elapsed":"\u003cTIMESTAMP\u003e","Package":"github.com/mvrahden/go-test/examples/auth","Test":"TestTokenValidatorTestSuite/TestValidateToken/the_token_is_valid/extracts_the_email_claim","Time":"\u003cTIMESTAMP\u003e"}
{"Action":"output","Output":"--- PASS: TestTokenValidatorTestSuite/TestValidateToken/the_token_is_valid (\u003cTIMESTAMP\u003e)\n","Package":"github.com/mvrahden/go-test/examples/auth","Test":"TestTokenValidatorTestSuite/TestValidateToken/the_token_is_valid","Time":"\u003cTIMESTAMP\u003e"}
{"Action":"pass","Elapsed":"\u003cTIMESTAMP\u003e","Package":"github.com/mvrahden/go-test/examples/auth","Test":"TestTokenValidatorTestSuite/TestValidateToken/the_token_is_valid","Time":"\u003cTIMESTAMP\u003e"}
{"Action":"run","Package":"github.com/mvrahden/go-test/examples/auth","Test":"TestTokenValidatorTestSuite/TestValidateToken/the_token_is_expired","Time":"\u003cTIMESTAMP\u003e"}
{"Action":"output","Output":"=== RUN   TestTokenValidatorTestSuite/TestValidateToken/the_token_is_expired\n","Package":"github.com/mvrahden/go-test/examples/auth","Test":"TestTokenValidatorTestSuite/TestValidateToken/the_token_is_expired","Time":"\u003cTIMESTAMP\u003e"}
{"Action":"run","Package":"github.com/mvrahden/go-test/examples/auth","Test":"TestTokenValidatorTestSuite/TestValidateToken/the_token_is_expired/returns_a_TokenExpiredError","Time":"\u003cTIMESTAMP\u003e"}
{"Action":"output","Output":"=== RUN   TestTokenValidatorTestSuite/TestValidateToken/the_token_is_expired/returns_a_TokenExpiredError\n","Package":"github.com/mvrahden/go-test/examples/auth","Test":"TestTokenValidatorTestSuite/TestValidateToken/the_token_is_expired/returns_a_TokenExpiredError","Time":"\u003cTIMESTAMP\u003e"}
{"Action":"output","Output":"--- PASS: TestTokenValidatorTestSuite/TestValidateToken/the_token_is_expired/returns_a_TokenExpiredError (\u003cTIMESTAMP\u003e)\n","Package":"github.com/mvrahden/go-test/examples/auth","Test":"TestTokenValidatorTestSuite/TestValidateToken/the_token_is_expired/returns_a_TokenExpiredError","Time":"\u003cTIMESTAMP\u003e"}
{"Action":"pass","Elapsed":"\u003cTIMESTAMP\u003e","Package":"github.com/mvrahden/go-test/examples/auth","Test":"TestTokenValidatorTestSuite/TestValidateToken/the_token_is_expired/returns_a_TokenExpiredError","Time":"\u003cTIMESTAMP\u003e"}
{"Action":"run","Package":"github.com/mvrahden/go-test/examples/auth","Test":"TestTokenValidatorTestSuite/TestValidateToken/the_token_is_expired/includes_expiry_in_the_error_message","Time":"\u003cTIMESTAMP\u003e"}
{"Action":"output","Output":"=== RUN   TestTokenValidatorTestSuite/TestValidateToken/the_token_is_expired/includes_expiry_in_the_error_message\n","Package":"github.com/mvrahden/go-test/examples/auth","Test":"TestTokenValidatorTestSuite/TestValidateToken/the_token_is_expired/includes_expiry_in_the_error_message","Time":"\u003cTIMESTAMP\u003e"}
{"Action":"output","Output":"--- PASS: TestTokenValidatorTestSuite/TestValidateToken/the_token_is_expired/includes_expiry_in_the_error_message (\u003cTIMESTAMP\u003e)\n","Package":"github.com/mvrahden/go-test/examples/auth","Test":"TestTokenValidatorTestSuite/TestValidateToken/the_token_is_expired/includes_expiry_in_the_error_message","Time":"\u003cTIMESTAMP\u003e"}
{"Action":"pass","Elapsed":"\u003cTIMESTAMP\u003e","Package":"github.com/mvrahden/go-test/examples/auth","Test":"TestTokenValidatorTestSuite/TestValidateToken/the_token_is_expired/includes_expiry_in_the_error_message","Time":"\u003cTIMESTAMP\u003e"}
{"Action":"output","Output":"--- PASS: TestTokenValidatorTestSuite/TestValidateToken/the_token_is_expired (\u003cTIMESTAMP\u003e)\n","Package":"github.com/mvrahden/go-test/examples/auth","Test":"TestTokenValidatorTestSuite/TestValidateToken/the_token_is_expired","Time":"\u003cTIMESTAMP\u003e"}
{"Action":"pass","Elapsed":"\u003cTIMESTAMP\u003e","Package":"github.com/mvrahden/go-test/examples/auth","Test":"TestTokenValidatorTestSuite/TestValidateToken/the_token_is_expired","Time":"\u003cTIMESTAMP\u003e"}
{"Action":"run","Package":"github.com/mvrahden/go-test/examples/auth","Test":"TestTokenValidatorTestSuite/TestValidateToken/the_signature_is_tampered","Time":"\u003cTIMESTAMP\u003e"}
{"Action":"output","Output":"=== RUN   TestTokenValidatorTestSuite/TestValidateToken/the_signature_is_tampered\n","Package":"github.com/mvrahden/go-test/examples/auth","Test":"TestTokenValidatorTestSuite/TestValidateToken/the_signature_is_tampered","Time":"\u003cTIMESTAMP\u003e"}
{"Action":"run","Package":"github.com/mvrahden/go-test/examples/auth","Test":"TestTokenValidatorTestSuite/TestValidateToken/the_signature_is_tampered/returns_ErrInvalidSignature","Time":"\u003cTIMESTAMP\u003e"}
{"Action":"output","Output":"=== RUN   TestTokenValidatorTestSuite/TestValidateToken/the_signature_is_tampered/returns_ErrInvalidSignature\n","Package":"github.com/mvrahden/go-test/examples/auth","Test":"TestTokenValidatorTestSuite/TestValidateToken/the_signature_is_tampered/returns_ErrInvalidSignature","Time":"\u003cTIMESTAMP\u003e"}
{"Action":"output","Output":"--- PASS: TestTokenValidatorTestSuite/TestValidateToken/the_signature_is_tampered/returns_ErrInvalidSignature (\u003cTIMESTAMP\u003e)\n","Package":"github.com/mvrahden/go-test/examples/auth","Test":"TestTokenValidatorTestSuite/TestValidateToken/the_signature_is_tampered/returns_ErrInvalidSignature","Time":"\u003cTIMESTAMP\u003e"}
{"Action":"pass","Elapsed":"\u003cTIMESTAMP\u003e","Package":"github.com/mvrahden/go-test/examples/auth","Test":"TestTokenValidatorTestSuite/TestValidateToken/the_signature_is_tampered/returns_ErrInvalidSignature","Time":"\u003cTIMESTAMP\u003e"}
{"Action":"output","Output":"--- PASS: TestTokenValidatorTestSuite/TestValidateToken/the_signature_is_tampered (\u003cTIMESTAMP\u003e)\n","Package":"github.com/mvrahden/go-test/examples/auth","Test":"TestTokenValidatorTestSuite/TestValidateToken/the_signature_is_tampered","Time":"\u003cTIMESTAMP\u003e"}
{"Action":"pass","Elapsed":"\u003cTIMESTAMP\u003e","Package":"github.com/mvrahden/go-test/examples/auth","Test":"TestTokenValidatorTestSuite/TestValidateToken/the_signature_is_tampered","Time":"\u003cTIMESTAMP\u003e"}
{"Action":"run","Package":"github.com/mvrahden/go-test/examples/auth","Test":"TestTokenValidatorTestSuite/TestValidateToken/the_token_is_malformed","Time":"\u003cTIMESTAMP\u003e"}
{"Action":"output","Output":"=== RUN   TestTokenValidatorTestSuite/TestValidateToken/the_token_is_malformed\n","Package":"github.com/mvrahden/go-test/examples/auth","Test":"TestTokenValidatorTestSuite/TestValidateToken/the_token_is_malformed","Time":"\u003cTIMESTAMP\u003e"}
{"Action":"run","Package":"github.com/mvrahden/go-test/examples/auth","Test":"TestTokenValidatorTestSuite/TestValidateToken/the_token_is_malformed/returns_ErrTokenMalformed","Time":"\u003cTIMESTAMP\u003e"}
{"Action":"output","Output":"=== RUN   TestTokenValidatorTestSuite/TestValidateToken/the_token_is_malformed/returns_ErrTokenMalformed\n","Package":"github.com/mvrahden/go-test/examples/auth","Test":"TestTokenValidatorTestSuite/TestValidateToken/the_token_is_malformed/returns_ErrTokenMalformed","Time":"\u003cTIMESTAMP\u003e"}
{"Action":"output","Output":"--- PASS: TestTokenValidatorTestSuite/TestValidateToken/the_token_is_malformed/returns_ErrTokenMalformed (\u003cTIMESTAMP\u003e)\n","Package":"github.com/mvrahden/go-test/examples/auth","Test":"TestTokenValidatorTestSuite/TestValidateToken/the_token_is_malformed/returns_ErrTokenMalformed","Time":"\u003cTIMESTAMP\u003e"}
{"Action":"pass","Elapsed":"\u003cTIMESTAMP\u003e","Package":"github.com/mvrahden/go-test/examples/auth","Test":"TestTokenValidatorTestSuite/TestValidateToken/the_token_is_malformed/returns_ErrTokenMalformed","Time":"\u003cTIMESTAMP\u003e"}
{"Action":"output","Output":"--- PASS: TestTokenValidatorTestSuite/TestValidateToken/the_token_is_malformed (\u003cTIMESTAMP\u003e)\n","Package":"github.com/mvrahden/go-test/examples/auth","Test":"TestTokenValidatorTestSuite/TestValidateToken/the_token_is_malformed","Time":"\u003cTIMESTAMP\u003e"}
{"Action":"pass","Elapsed":"\u003cTIMESTAMP\u003e","Package":"github.com/mvrahden/go-test/examples/auth","Test":"TestTokenValidatorTestSuite/TestValidateToken/the_token_is_malformed","Time":"\u003cTIMESTAMP\u003e"}
{"Action":"output","Output":"--- PASS: TestTokenValidatorTestSuite/TestValidateToken (\u003cTIMESTAMP\u003e)\n","Package":"github.com/mvrahden/go-test/examples/auth","Test":"TestTokenValidatorTestSuite/TestValidateToken","Time":"\u003cTIMESTAMP\u003e"}
{"Action":"pass","Elapsed":"\u003cTIMESTAMP\u003e","Package":"github.com/mvrahden/go-test/examples/auth","Test":"TestTokenValidatorTestSuite/TestValidateToken","Time":"\u003cTIMESTAMP\u003e"}
{"Action":"run","Package":"github.com/mvrahden/go-test/examples/auth","Test":"TestTokenValidatorTestSuite/TestPasswordPolicy","Time":"\u003cTIMESTAMP\u003e"}
{"Action":"output","Output":"=== RUN   TestTokenValidatorTestSuite/TestPasswordPolicy\n","Package":"github.com/mvrahden/go-test/examples/auth","Test":"TestTokenValidatorTestSuite/TestPasswordPolicy","Time":"\u003cTIMESTAMP\u003e"}
{"Action":"run","Package":"github.com/mvrahden/go-test/examples/auth","Test":"TestTokenValidatorTestSuite/TestPasswordPolicy/strong_password_with_mixed_characters","Time":"\u003cTIMESTAMP\u003e"}
{"Action":"output","Output":"=== RUN   TestTokenValidatorTestSuite/TestPasswordPolicy/strong_password_with_mixed_characters\n","Package":"github.com/mvrahden/go-test/examples/auth","Test":"TestTokenValidatorTestSuite/TestPasswordPolicy/strong_password_with_mixed_characters","Time":"\u003cTIMESTAMP\u003e"}
{"Action":"run","Package":"github.com/mvrahden/go-test/examples/auth","Test":"TestTokenValidatorTestSuite/TestPasswordPolicy/strong_password_with_mixed_characters/evaluates_the_password_correctly","Time":"\u003cTIMESTAMP\u003e"}
{"Action":"output","Output":"=== RUN   TestTokenValidatorTestSuite/TestPasswordPolicy/strong_password_with_mixed_characters/evaluates_the_password_correctly\n","Package":"github.com/mvrahden/go-test/examples/auth","Test":"TestTokenValidatorTestSuite/TestPasswordPolicy/strong_password_with_mixed_characters/evaluates_the_password_correctly","Time":"\u003cTIMESTAMP\u003e"}
{"Action":"output","Output":"--- PASS: TestTokenValidatorTestSuite/TestPasswordPolicy/strong_password_with_mixed_characters/evaluates_the_password_correctly (\u003cTIMESTAMP\u003e)\n","Package":"github.com/mvrahden/go-test/examples/auth","Test":"TestTokenValidatorTestSuite/TestPasswordPolicy/strong_password_with_mixed_characters/evaluates_the_password_correctly","Time":"\u003cTIMESTAMP\u003e"}
{"Action":"pass","Elapsed":"\u003cTIMESTAMP\u003e","Package":"github.com/mvrahden/go-test/examples/auth","Test":"TestTokenValidatorTestSuite/TestPasswordPolicy/strong_password_with_mixed_characters/evaluates_the_password_correctly","Time":"\u003cTIMESTAMP\u003e"}
{"Action":"output","Output":"--- PASS: TestTokenValidatorTestSuite/TestPasswordPolicy/strong_password_with_mixed_characters (\u003cTIMESTAMP\u003e)\n","Package":"github.com/mvrahden/go-test/examples/auth","Test":"TestTokenValidatorTestSuite/TestPasswordPolicy/strong_password_with_mixed_characters","Time":"\u003cTIMESTAMP\u003e"}
{"Action":"pass","Elapsed":"\u003cTIMESTAMP\u003e","Package":"github.com/mvrahden/go-test/examples/auth","Test":"TestTokenValidatorTestSuite/TestPasswordPolicy/strong_password_with_mixed_characters","Time":"\u003cTIMESTAMP\u003e"}
{"Action":"run","Package":"github.com/mvrahden/go-test/examples/auth","Test":"TestTokenValidatorTestSuite/TestPasswordPolicy/too_short","Time":"\u003cTIMESTAMP\u003e"}
{"Action":"output","Output":"=== RUN   TestTokenValidatorTestSuite/TestPasswordPolicy/too_short\n","Package":"github.com/mvrahden/go-test/examples/auth","Test":"TestTokenValidatorTestSuite/TestPasswordPolicy/too_short","Time":"\u003cTIMESTAMP\u003e"}
{"Action":"run","Package":"github.com/mvrahden/go-test/examples/auth","Test":"TestTokenValidatorTestSuite/TestPasswordPolicy/too_short/evaluates_the_password_correctly","Time":"\u003cTIMESTAMP\u003e"}
{"Action":"output","Output":"=== RUN   TestTokenValidatorTestSuite/TestPasswordPolicy/too_short/evaluates_the_password_correctly\n","Package":"github.com/mvrahden/go-test/examples/auth","Test":"TestTokenValidatorTestSuite/TestPasswordPolicy/too_short/evaluates_the_password_correctly","Time":"\u003cTIMESTAMP\u003e"}
{"Action":"output","Output":"--- PASS: TestTokenValidatorTestSuite/TestPasswordPolicy/too_short/evaluates_the_password_correctly (\u003cTIMESTAMP\u003e)\n","Package":"github.com/mvrahden/go-test/examples/auth","Test":"TestTokenValidatorTestSuite/TestPasswordPolicy/too_short/evaluates_the_password_correctly","Time":"\u003cTIMESTAMP\u003e"}
{"Action":"pass","Elapsed":"\u003cTIMESTAMP\u003e","Package":"github.com/mvrahden/go-test/examples/auth","Test":"TestTokenValidatorTestSuite/TestPasswordPolicy/too_short/evaluates_the_password_correctly","Time":"\u003cTIMESTAMP\u003e"}
{"Action":"output","Output":"--- PASS: TestTokenValidatorTestSuite/TestPasswordPolicy/too_short (\u003cTIMESTAMP\u003e)\n","Package":"github.com/mvrahden/go-test/examples/auth","Test":"TestTokenValidatorTestSuite/TestPasswordPolicy/too_short","Time":"\u003cTIMESTAMP\u003e"}
{"Action":"pass","Elapsed":"\u003cTIMESTAMP\u003e","Package":"github.com/mvrahden/go-test/examples/auth","Test":"TestTokenValidatorTestSuite/TestPasswordPolicy/too_short","Time":"\u003cTIMESTAMP\u003e"}
{"Action":"run","Package":"github.com/mvrahden/go-test/examples/auth","Test":"TestTokenValidatorTestSuite/TestPasswordPolicy/missing_special_characters","Time":"\u003cTIMESTAMP\u003e"}
{"Action":"output","Output":"=== RUN   TestTokenValidatorTestSuite/TestPasswordPolicy/missing_special_characters\n","Package":"github.com/mvrahden/go-test/examples/auth","Test":"TestTokenValidatorTestSuite/TestPasswordPolicy/missing_special_characters","Time":"\u003cTIMESTAMP\u003e"}
{"Action":"run","Package":"github.com/mvrahden/go-test/examples/auth","Test":"TestTokenValidatorTestSuite/TestPasswordPolicy/missing_special_characters/evaluates_the_password_correctly","Time":"\u003cTIMESTAMP\u003e"}
{"Action":"output","Output":"=== RUN   TestTokenValidatorTestSuite/TestPasswordPolicy/missing_special_characters/evaluates_the_password_correctly\n","Package":"github.com/mvrahden/go-test/examples/auth","Test":"TestTokenValidatorTestSuite/TestPasswordPolicy/missing_special_characters/evaluates_the_password_correctly","Time":"\u003cTIMESTAMP\u003e"}
{"Action":"output","Output":"--- PASS: TestTokenValidatorTestSuite/TestPasswordPolicy/missing_special_characters/evaluates_the_password_correctly (\u003cTIMESTAMP\u003e)\n","Package":"github.com/mvrahden/go-test/examples/auth","Test":"TestTokenValidatorTestSuite/TestPasswordPolicy/missing_special_characters/evaluates_the_password_correctly","Time":"\u003cTIMESTAMP\u003e"}
{"Action":"pass","Elapsed":"\u003cTIMESTAMP\u003e","Package":"github.com/mvrahden/go-test/examples/auth","Test":"TestTokenValidatorTestSuite/TestPasswordPolicy/missing_special_characters/evaluates_the_password_correctly","Time":"\u003cTIMESTAMP\u003e"}
{"Action":"output","Output":"--- PASS: TestTokenValidatorTestSuite/TestPasswordPolicy/missing_special_characters (\u003cTIMESTAMP\u003e)\n","Package":"github.com/mvrahden/go-test/examples/auth","Test":"TestTokenValidatorTestSuite/TestPasswordPolicy/missing_special_characters","Time":"\u003cTIMESTAMP\u003e"}
{"Action":"pass","Elapsed":"\u003cTIMESTAMP\u003e","Package":"github.com/mvrahden/go-test/examples/auth","Test":"TestTokenValidatorTestSuite/TestPasswordPolicy/missing_special_characters","Time":"\u003cTIMESTAMP\u003e"}
{"Action":"run","Package":"github.com/mvrahden/go-test/examples/auth","Test":"TestTokenValidatorTestSuite/TestPasswordPolicy/missing_digits","Time":"\u003cTIMESTAMP\u003e"}
{"Action":"output","Output":"=== RUN   TestTokenValidatorTestSuite/TestPasswordPolicy/missing_digits\n","Package":"github.com/mvrahden/go-test/examples/auth","Test":"TestTokenValidatorTestSuite/TestPasswordPolicy/missing_digits","Time":"\u003cTIMESTAMP\u003e"}
{"Action":"run","Package":"github.com/mvrahden/go-test/examples/auth","Test":"TestTokenValidatorTestSuite/TestPasswordPolicy/missing_digits/evaluates_the_password_correctly","Time":"\u003cTIMESTAMP\u003e"}
{"Action":"output","Output":"=== RUN   TestTokenValidatorTestSuite/TestPasswordPolicy/missing_digits/evaluates_the_password_correctly\n","Package":"github.com/mvrahden/go-test/examples/auth","Test":"TestTokenValidatorTestSuite/TestPasswordPolicy/missing_digits/evaluates_the_password_correctly","Time":"\u003cTIMESTAMP\u003e"}
{"Action":"output","Output":"--- PASS: TestTokenValidatorTestSuite/TestPasswordPolicy/missing_digits/evaluates_the_password_correctly (\u003cTIMESTAMP\u003e)\n","Package":"github.com/mvrahden/go-test/examples/auth","Test":"TestTokenValidatorTestSuite/TestPasswordPolicy/missing_digits/evaluates_the_password_correctly","Time":"\u003cTIMESTAMP\u003e"}
{"Action":"pass","Elapsed":"\u003cTIMESTAMP\u003e","Package":"github.com/mvrahden/go-test/examples/auth","Test":"TestTokenValidatorTestSuite/TestPasswordPolicy/missing_digits/evaluates_the_password_correctly","Time":"\u003cTIMESTAMP\u003e"}
{"Action":"output","Output":"--- PASS: TestTokenValidatorTestSuite/TestPasswordPolicy/missing_digits (\u003cTIMESTAMP\u003e)\n","Package":"github.com/mvrahden/go-test/examples/auth","Test":"TestTokenValidatorTestSuite/TestPasswordPolicy/missing_digits","Time":"\u003cTIMESTAMP\u003e"}
{"Action":"pass","Elapsed":"\u003cTIMESTAMP\u003e","Package":"github.com/mvrahden/go-test/examples/auth","Test":"TestTokenValidatorTestSuite/TestPasswordPolicy/missing_digits","Time":"\u003cTIMESTAMP\u003e"}
{"Action":"run","Package":"github.com/mvrahden/go-test/examples/auth","Test":"TestTokenValidatorTestSuite/TestPasswordPolicy/exactly_at_minimum_length","Time":"\u003cTIMESTAMP\u003e"}
{"Action":"output","Output":"=== RUN   TestTokenValidatorTestSuite/TestPasswordPolicy/exactly_at_minimum_length\n","Package":"github.com/mvrahden/go-test/examples/auth","Test":"TestTokenValidatorTestSuite/TestPasswordPolicy/exactly_at_minimum_length","Time":"\u003cTIMESTAMP\u003e"}
{"Action":"run","Package":"github.com/mvrahden/go-test/examples/auth","Test":"TestTokenValidatorTestSuite/TestPasswordPolicy/exactly_at_minimum_length/evaluates_the_password_correctly","Time":"\u003cTIMESTAMP\u003e"}
{"Action":"output","Output":"=== RUN   TestTokenValidatorTestSuite/TestPasswordPolicy/exactly_at_minimum_length/evaluates_the_password_correctly\n","Package":"github.com/mvrahden/go-test/examples/auth","Test":"TestTokenValidatorTestSuite/TestPasswordPolicy/exactly_at_minimum_length/evaluates_the_password_correctly","Time":"\u003cTIMESTAMP\u003e"}
{"Action":"output","Output":"--- PASS: TestTokenValidatorTestSuite/TestPasswordPolicy/exactly_at_minimum_length/evaluates_the_password_correctly (\u003cTIMESTAMP\u003e)\n","Package":"github.com/mvrahden/go-test/examples/auth","Test":"TestTokenValidatorTestSuite/TestPasswordPolicy/exactly_at_minimum_length/evaluates_the_password_correctly","Time":"\u003cTIMESTAMP\u003e"}
{"Action":"pass","Elapsed":"\u003cTIMESTAMP\u003e","Package":"github.com/mvrahden/go-test/examples/auth","Test":"TestTokenValidatorTestSuite/TestPasswordPolicy/exactly_at_minimum_length/evaluates_the_password_correctly","Time":"\u003cTIMESTAMP\u003e"}
{"Action":"output","Output":"--- PASS: TestTokenValidatorTestSuite/TestPasswordPolicy/exactly_at_minimum_length (\u003cTIMESTAMP\u003e)\n","Package":"github.com/mvrahden/go-test/examples/auth","Test":"TestTokenValidatorTestSuite/TestPasswordPolicy/exactly_at_minimum_length","Time":"\u003cTIMESTAMP\u003e"}
{"Action":"pass","Elapsed":"\u003cTIMESTAMP\u003e","Package":"github.com/mvrahden/go-test/examples/auth","Test":"TestTokenValidatorTestSuite/TestPasswordPolicy/exactly_at_minimum_length","Time":"\u003cTIMESTAMP\u003e"}
{"Action":"output","Output":"--- PASS: TestTokenValidatorTestSuite/TestPasswordPolicy (\u003cTIMESTAMP\u003e)\n","Package":"github.com/mvrahden/go-test/examples/auth","Test":"TestTokenValidatorTestSuite/TestPasswordPolicy","Time":"\u003cTIMESTAMP\u003e"}
{"Action":"pass","Elapsed":"\u003cTIMESTAMP\u003e","Package":"github.com/mvrahden/go-test/examples/auth","Test":"TestTokenValidatorTestSuite/TestPasswordPolicy","Time":"\u003cTIMESTAMP\u003e"}
{"Action":"run","Package":"github.com/mvrahden/go-test/examples/auth","Test":"TestTokenValidatorTestSuite/TestEmailFormat","Time":"\u003cTIMESTAMP\u003e"}
{"Action":"output","Output":"=== RUN   TestTokenValidatorTestSuite/TestEmailFormat\n","Package":"github.com/mvrahden/go-test/examples/auth","Test":"TestTokenValidatorTestSuite/TestEmailFormat","Time":"\u003cTIMESTAMP\u003e"}
{"Action":"run","Package":"github.com/mvrahden/go-test/examples/auth","Test":"TestTokenValidatorTestSuite/TestEmailFormat/standard_email","Time":"\u003cTIMESTAMP\u003e"}
{"Action":"output","Output":"=== RUN   TestTokenValidatorTestSuite/TestEmailFormat/standard_email\n","Package":"github.com/mvrahden/go-test/examples/auth","Test":"TestTokenValidatorTestSuite/TestEmailFormat/standard_email","Time":"\u003cTIMESTAMP\u003e"}
{"Action":"run","Package":"github.com/mvrahden/go-test/examples/auth","Test":"TestTokenValidatorTestSuite/TestEmailFormat/standard_email/checking_the_format","Time":"\u003cTIMESTAMP\u003e"}
{"Action":"output","Output":"=== RUN   TestTokenValidatorTestSuite/TestEmailFormat/standard_email/checking_the_format\n","Package":"github.com/mvrahden/go-test/examples/auth","Test":"TestTokenValidatorTestSuite/TestEmailFormat/standard_email/checking_the_format","Time":"\u003cTIMESTAMP\u003e"}
{"Action":"run","Package":"github.com/mvrahden/go-test/examples/auth","Test":"TestTokenValidatorTestSuite/TestEmailFormat/standard_email/checking_the_format/matches_as_expected","Time":"\u003cTIMESTAMP\u003e"}
{"Action":"output","Output":"=== RUN   TestTokenValidatorTestSuite/TestEmailFormat/standard_email/checking_the_format/matches_as_expected\n","Package":"github.com/mvrahden/go-test/examples/auth","Test":"TestTokenValidatorTestSuite/TestEmailFormat/standard_email/checking_the_format/matches_as_expected","Time":"\u003cTIMESTAMP\u003e"}
{"Action":"output","Output":"--- PASS: TestTokenValidatorTestSuite/TestEmailFormat/standard_email/checking_the_format/matches_as_expected (\u003cTIMESTAMP\u003e)\n","Package":"github.com/mvrahden/go-test/examples/auth","Test":"TestTokenValidatorTestSuite/TestEmailFormat/standard_email/checking_the_format/matches_as_expected","Time":"\u003cTIMESTAMP\u003e"}
{"Action":"pass","Elapsed":"\u003cTIMESTAMP\u003e","Package":"github.com/mvrahden/go-test/examples/auth","Test":"TestTokenValidatorTestSuite/TestEmailFormat/standard_email/checking_the_format/matches_as_expected","Time":"\u003cTIMESTAMP\u003e"}
{"Action":"run","Package":"github.com/mvrahden/go-test/examples/auth","Test":"TestTokenValidatorTestSuite/TestEmailFormat/standard_email/checking_the_format/passes_the_full_regex","Time":"\u003cTIMESTAMP\u003e"}
{"Action":"output","Output":"=== RUN   TestTokenValidatorTestSuite/TestEmailFormat/standard_email/checking_the_format/passes_the_full_regex\n","Package":"github.com/mvrahden/go-test/examples/auth","Test":"TestTokenValidatorTestSuite/TestEmailFormat/standard_email/checking_the_format/passes_the_full_regex","Time":"\u003cTIMESTAMP\u003e"}
{"Action":"output","Output":"--- PASS: TestTokenValidatorTestSuite/TestEmailFormat/standard_email/checking_the_format/passes_the_full_regex (\u003cTIMESTAMP\u003e)\n","Package":"github.com/mvrahden/go-test/examples/auth","Test":"TestTokenValidatorTestSuite/TestEmailFormat/standard_email/checking_the_format/passes_the_full_regex","Time":"\u003cTIMESTAMP\u003e"}
{"Action":"pass","Elapsed":"\u003cTIMESTAMP\u003e","Package":"github.com/mvrahden/go-test/examples/auth","Test":"TestTokenValidatorTestSuite/TestEmailFormat/standard_email/checking_the_format/passes_the_full_regex","Time":"\u003cTIMESTAMP\u003e"}
{"Action":"output","Output":"--- PASS: TestTokenValidatorTestSuite/TestEmailFormat/standard_email/checking_the_format (\u003cTIMESTAMP\u003e)\n","Package":"github.com/mvrahden/go-test/examples/auth","Test":"TestTokenValidatorTestSuite/TestEmailFormat/standard_email/checking_the_format","Time":"\u003cTIMESTAMP\u003e"}
{"Action":"pass","Elapsed":"\u003cTIMESTAMP\u003e","Package":"github.com/mvrahden/go-test/examples/auth","Test":"TestTokenValidatorTestSuite/TestEmailFormat/standard_email/checking_the_format","Time":"\u003cTIMESTAMP\u003e"}
{"Action":"output","Output":"--- PASS: TestTokenValidatorTestSuite/TestEmailFormat/standard_email (\u003cTIMESTAMP\u003e)\n","Package":"github.com/mvrahden/go-test/examples/auth","Test":"TestTokenValidatorTestSuite/TestEmailFormat/standard_email","Time":"\u003cTIMESTAMP\u003e"}
{"Action":"pass","Elapsed":"\u003cTIMESTAMP\u003e","Package":"github.com/mvrahden/go-test/examples/auth","Test":"TestTokenValidatorTestSuite/TestEmailFormat/standard_email","Time":"\u003cTIMESTAMP\u003e"}
{"Action":"run","Package":"github.com/mvrahden/go-test/examples/auth","Test":"TestTokenValidatorTestSuite/TestEmailFormat/missing_at_sign","Time":"\u003cTIMESTAMP\u003e"}
{"Action":"output","Output":"=== RUN   TestTokenValidatorTestSuite/TestEmailFormat/missing_at_sign\n","Package":"github.com/mvrahden/go-test/examples/auth","Test":"TestTokenValidatorTestSuite/TestEmailFormat/missing_at_sign","Time":"\u003cTIMESTAMP\u003e"}
{"Action":"run","Package":"github.com/mvrahden/go-test/examples/auth","Test":"TestTokenValidatorTestSuite/TestEmailFormat/missing_at_sign/checking_the_format","Time":"\u003cTIMESTAMP\u003e"}
{"Action":"output","Output":"=== RUN   TestTokenValidatorTestSuite/TestEmailFormat/missing_at_sign/checking_the_format\n","Package":"github.com/mvrahden/go-test/examples/auth","Test":"TestTokenValidatorTestSuite/TestEmailFormat/missing_at_sign/checking_the_format","Time":"\u003cTIMESTAMP\u003e"}
{"Action":"run","Package":"github.com/mvrahden/go-test/examples/auth","Test":"TestTokenValidatorTestSuite/TestEmailFormat/missing_at_sign/checking_the_format/matches_as_expected","Time":"\u003cTIMESTAMP\u003e"}
{"Action":"output","Output":"=== RUN   TestTokenValidatorTestSuite/TestEmailFormat/missing_at_sign/checking_the_format/matches_as_expected\n","Package":"github.com/mvrahden/go-test/examples/auth","Test":"TestTokenValidatorTestSuite/TestEmailFormat/missing_at_sign/checking_the_format/matches_as_expected","Time":"\u003cTIMESTAMP\u003e"}
{"Action":"output","Output":"--- PASS: TestTokenValidatorTestSuite/TestEmailFormat/missing_at_sign/checking_the_format/matches_as_expected (\u003cTIMESTAMP\u003e)\n","Package":"github.com/mvrahden/go-test/examples/auth","Test":"TestTokenValidatorTestSuite/TestEmailFormat/missing_at_sign/checking_the_format/matches_as_expected","Time":"\u003cTIMESTAMP\u003e"}
{"Action":"pass","Elapsed":"\u003cTIMESTAMP\u003e","Package":"github.com/mvrahden/go-test/examples/auth","Test":"TestTokenValidatorTestSuite/TestEmailFormat/missing_at_sign/checking_the_format/matches_as_expected","Time":"\u003cTIMESTAMP\u003e"}
{"Action":"output","Output":"--- PASS: TestTokenValidatorTestSuite/TestEmailFormat/missing_at_sign/checking_the_format (\u003cTIMESTAMP\u003e)\n","Package":"github.com/mvrahden/go-test/examples/auth","Test":"TestTokenValidatorTestSuite/TestEmailFormat/missing_at_sign/checking_the_format","Time":"\u003cTIMESTAMP\u003e"}
{"Action":"pass","Elapsed":"\u003cTIMESTAMP\u003e","Package":"github.com/mvrahden/go-test/examples/auth","Test":"TestTokenValidatorTestSuite/TestEmailFormat/missing_at_sign/checking_the_format","Time":"\u003cTIMESTAMP\u003e"}
{"Action":"output","Output":"--- PASS: TestTokenValidatorTestSuite/TestEmailFormat/missing_at_sign (\u003cTIMESTAMP\u003e)\n","Package":"github.com/mvrahden/go-test/examples/auth","Test":"TestTokenValidatorTestSuite/TestEmailFormat/missing_at_sign","Time":"\u003cTIMESTAMP\u003e"}
{"Action":"pass","Elapsed":"\u003cTIMESTAMP\u003e","Package":"github.com/mvrahden/go-test/examples/auth","Test":"TestTokenValidatorTestSuite/TestEmailFormat/missing_at_sign","Time":"\u003cTIMESTAMP\u003e"}
{"Action":"run","Package":"github.com/mvrahden/go-test/examples/auth","Test":"TestTokenValidatorTestSuite/TestEmailFormat/subdomain_email","Time":"\u003cTIMESTAMP\u003e"}
{"Action":"output","Output":"=== RUN   TestTokenValidatorTestSuite/TestEmailFormat/subdomain_email\n","Package":"github.com/mvrahden/go-test/examples/auth","Test":"TestTokenValidatorTestSuite/TestEmailFormat/subdomain_email","Time":"\u003cTIMESTAMP\u003e"}
{"Action":"run","Package":"github.com/mvrahden/go-test/examples/auth","Test":"TestTokenValidatorTestSuite/TestEmailFormat/subdomain_email/checking_the_format","Time":"\u003cTIMESTAMP\u003e"}
{"Action":"output","Output":"=== RUN   TestTokenValidatorTestSuite/TestEmailFormat/subdomain_email/checking_the_format\n","Package":"github.com/mvrahden/go-test/examples/auth","Test":"TestTokenValidatorTestSuite/TestEmailFormat/subdomain_email/checking_the_format","Time":"\u003cTIMESTAMP\u003e"}
{"Action":"run","Package":"github.com/mvrahden/go-test/examples/auth","Test":"TestTokenValidatorTestSuite/TestEmailFormat/subdomain_email/checking_the_format/matches_as_expected","Time":"\u003cTIMESTAMP\u003e"}
{"Action":"output","Output":"=== RUN   TestTokenValidatorTestSuite/TestEmailFormat/subdomain_email/checking_the_format/matches_as_expected\n","Package":"github.com/mvrahden/go-test/examples/auth","Test":"TestTokenValidatorTestSuite/TestEmailFormat/subdomain_email/checking_the_format/matches_as_expected","Time":"\u003cTIMESTAMP\u003e"}
{"Action":"output","Output":"--- PASS: TestTokenValidatorTestSuite/TestEmailFormat/subdomain_email/checking_the_format/matches_as_expected (\u003cTIMESTAMP\u003e)\n","Package":"github.com/mvrahden/go-test/examples/auth","Test":"TestTokenValidatorTestSuite/TestEmailFormat/subdomain_email/checking_the_format/matches_as_expected","Time":"\u003cTIMESTAMP\u003e"}
{"Action":"pass","Elapsed":"\u003cTIMESTAMP\u003e","Package":"github.com/mvrahden/go-test/examples/auth","Test":"TestTokenValidatorTestSuite/TestEmailFormat/subdomain_email/checking_the_format/matches_as_expected","Time":"\u003cTIMESTAMP\u003e"}
{"Action":"run","Package":"github.com/mvrahden/go-test/examples/auth","Test":"TestTokenValidatorTestSuite/TestEmailFormat/subdomain_email/checking_the_format/passes_the_full_regex","Time":"\u003cTIMESTAMP\u003e"}
{"Action":"output","Output":"=== RUN   TestTokenValidatorTestSuite/TestEmailFormat/subdomain_email/checking_the_format/passes_the_full_regex\n","Package":"github.com/mvrahden/go-test/examples/auth","Test":"TestTokenValidatorTestSuite/TestEmailFormat/subdomain_email/checking_the_format/passes_the_full_regex","Time":"\u003cTIMESTAMP\u003e"}
{"Action":"output","Output":"--- PASS: TestTokenValidatorTestSuite/TestEmailFormat/subdomain_email/checking_the_format/passes_the_full_regex (\u003cTIMESTAMP\u003e)\n","Package":"github.com/mvrahden/go-test/examples/auth","Test":"TestTokenValidatorTestSuite/TestEmailFormat/subdomain_email/checking_the_format/passes_the_full_regex","Time":"\u003cTIMESTAMP\u003e"}
{"Action":"pass","Elapsed":"\u003cTIMESTAMP\u003e","Package":"github.com/mvrahden/go-test/examples/auth","Test":"TestTokenValidatorTestSuite/TestEmailFormat/subdomain_email/checking_the_format/passes_the_full_regex","Time":"\u003cTIMESTAMP\u003e"}
{"Action":"output","Output":"--- PASS: TestTokenValidatorTestSuite/TestEmailFormat/subdomain_email/checking_the_format (\u003cTIMESTAMP\u003e)\n","Package":"github.com/mvrahden/go-test/examples/auth","Test":"TestTokenValidatorTestSuite/TestEmailFormat/subdomain_email/checking_the_format","Time":"\u003cTIMESTAMP\u003e"}
{"Action":"pass","Elapsed":"\u003cTIMESTAMP\u003e","Package":"github.com/mvrahden/go-test/examples/auth","Test":"TestTokenValidatorTestSuite/TestEmailFormat/subdomain_email/checking_the_format","Time":"\u003cTIMESTAMP\u003e"}
{"Action":"output","Output":"--- PASS: TestTokenValidatorTestSuite/TestEmailFormat/subdomain_email (\u003cTIMESTAMP\u003e)\n","Package":"github.com/mvrahden/go-test/examples/auth","Test":"TestTokenValidatorTestSuite/TestEmailFormat/subdomain_email","Time":"\u003cTIMESTAMP\u003e"}
{"Action":"pass","Elapsed":"\u003cTIMESTAMP\u003e","Package":"github.com/mvrahden/go-test/examples/auth","Test":"TestTokenValidatorTestSuite/TestEmailFormat/subdomain_email","Time":"\u003cTIMESTAMP\u003e"}
{"Action":"run","Package":"github.com/mvrahden/go-test/examples/auth","Test":"TestTokenValidatorTestSuite/TestEmailFormat/missing_TLD","Time":"\u003cTIMESTAMP\u003e"}
{"Action":"output","Output":"=== RUN   TestTokenValidatorTestSuite/TestEmailFormat/missing_TLD\n","Package":"github.com/mvrahden/go-test/examples/auth","Test":"TestTokenValidatorTestSuite/TestEmailFormat/missing_TLD","Time":"\u003cTIMESTAMP\u003e"}
{"Action":"run","Package":"github.com/mvrahden/go-test/examples/auth","Test":"TestTokenValidatorTestSuite/TestEmailFormat/missing_TLD/checking_the_format","Time":"\u003cTIMESTAMP\u003e"}
{"Action":"output","Output":"=== RUN   TestTokenValidatorTestSuite/TestEmailFormat/missing_TLD/checking_the_format\n","Package":"github.com/mvrahden/go-test/examples/auth","Test":"TestTokenValidatorTestSuite/TestEmailFormat/missing_TLD/checking_the_format","Time":"\u003cTIMESTAMP\u003e"}
{"Action":"run","Package":"github.com/mvrahden/go-test/examples/auth","Test":"TestTokenValidatorTestSuite/TestEmailFormat/missing_TLD/checking_the_format/matches_as_expected","Time":"\u003cTIMESTAMP\u003e"}
{"Action":"output","Output":"=== RUN   TestTokenValidatorTestSuite/TestEmailFormat/missing_TLD/checking_the_format/matches_as_expected\n","Package":"github.com/mvrahden/go-test/examples/auth","Test":"TestTokenValidatorTestSuite/TestEmailFormat/missing_TLD/checking_the_format/matches_as_expected","Time":"\u003cTIMESTAMP\u003e"}
{"Action":"output","Output":"--- PASS: TestTokenValidatorTestSuite/TestEmailFormat/missing_TLD/checking_the_format/matches_as_expected (\u003cTIMESTAMP\u003e)\n","Package":"github.com/mvrahden/go-test/examples/auth","Test":"TestTokenValidatorTestSuite/TestEmailFormat/missing_TLD/checking_the_format/matches_as_expected","Time":"\u003cTIMESTAMP\u003e"}
{"Action":"pass","Elapsed":"\u003cTIMESTAMP\u003e","Package":"github.com/mvrahden/go-test/examples/auth","Test":"TestTokenValidatorTestSuite/TestEmailFormat/missing_TLD/checking_the_format/matches_as_expected","Time":"\u003cTIMESTAMP\u003e"}
{"Action":"output","Output":"--- PASS: TestTokenValidatorTestSuite/TestEmailFormat/missing_TLD/checking_the_format (\u003cTIMESTAMP\u003e)\n","Package":"github.com/mvrahden/go-test/examples/auth","Test":"TestTokenValidatorTestSuite/TestEmailFormat/missing_TLD/checking_the_format","Time":"\u003cTIMESTAMP\u003e"}
{"Action":"pass","Elapsed":"\u003cTIMESTAMP\u003e","Package":"github.com/mvrahden/go-test/examples/auth","Test":"TestTokenValidatorTestSuite/TestEmailFormat/missing_TLD/checking_the_format","Time":"\u003cTIMESTAMP\u003e"}
{"Action":"output","Output":"--- PASS: TestTokenValidatorTestSuite/TestEmailFormat/missing_TLD (\u003cTIMESTAMP\u003e)\n","Package":"github.com/mvrahden/go-test/examples/auth","Test":"TestTokenValidatorTestSuite/TestEmailFormat/missing_TLD","Time":"\u003cTIMESTAMP\u003e"}
{"Action":"pass","Elapsed":"\u003cTIMESTAMP\u003e","Package":"github.com/mvrahden/go-test/examples/auth","Test":"TestTokenValidatorTestSuite/TestEmailFormat/missing_TLD","Time":"\u003cTIMESTAMP\u003e"}
{"Action":"output","Output":"--- PASS: TestTokenValidatorTestSuite/TestEmailFormat (\u003cTIMESTAMP\u003e)\n","Package":"github.com/mvrahden/go-test/examples/auth","Test":"TestTokenValidatorTestSuite/TestEmailFormat","Time":"\u003cTIMESTAMP\u003e"}
{"Action":"pass","Elapsed":"\u003cTIMESTAMP\u003e","Package":"github.com/mvrahden/go-test/examples/auth","Test":"TestTokenValidatorTestSuite/TestEmailFormat","Time":"\u003cTIMESTAMP\u003e"}
{"Action":"run","Package":"github.com/mvrahden/go-test/examples/auth","Test":"TestTokenValidatorTestSuite/TestParseConfig","Time":"\u003cTIMESTAMP\u003e"}
{"Action":"output","Output":"=== RUN   TestTokenValidatorTestSuite/TestParseConfig\n","Package":"github.com/mvrahden/go-test/examples/auth","Test":"TestTokenValidatorTestSuite/TestParseConfig","Time":"\u003cTIMESTAMP\u003e"}
{"Action":"run","Package":"github.com/mvrahden/go-test/examples/auth","Test":"TestTokenValidatorTestSuite/TestParseConfig/the_config_string_is_nil","Time":"\u003cTIMESTAMP\u003e"}
{"Action":"output","Output":"=== RUN   TestTokenValidatorTestSuite/TestParseConfig/the_config_string_is_nil\n","Package":"github.com/mvrahden/go-test/examples/auth","Test":"TestTokenValidatorTestSuite/TestParseConfig/the_config_string_is_nil","Time":"\u003cTIMESTAMP\u003e"}
{"Action":"run","Package":"github.com/mvrahden/go-test/examples/auth","Test":"TestTokenValidatorTestSuite/TestParseConfig/the_config_string_is_nil/panics_with_a_clear_message","Time":"\u003cTIMESTAMP\u003e"}
{"Action":"output","Output":"=== RUN   TestTokenValidatorTestSuite/TestParseConfig/the_config_string_is_nil/panics_with_a_clear_message\n","Package":"github.com/mvrahden/go-test/examples/auth","Test":"TestTokenValidatorTestSuite/TestParseConfig/the_config_string_is_nil/panics_with_a_clear_message","Time":"\u003cTIMESTAMP\u003e"}
{"Action":"output","Output":"--- PASS: TestTokenValidatorTestSuite/TestParseConfig/the_config_string_is_nil/panics_with_a_clear_message (\u003cTIMESTAMP\u003e)\n","Package":"github.com/mvrahden/go-test/examples/auth","Test":"TestTokenValidatorTestSuite/TestParseConfig/the_config_string_is_nil/panics_with_a_clear_message","Time":"\u003cTIMESTAMP\u003e"}
{"Action":"pass","Elapsed":"\u003cTIMESTAMP\u003e","Package":"github.com/mvrahden/go-test/examples/auth","Test":"TestTokenValidatorTestSuite/TestParseConfig/the_config_string_is_nil/panics_with_a_clear_message","Time":"\u003cTIMESTAMP\u003e"}
{"Action":"output","Output":"--- PASS: TestTokenValidatorTestSuite/TestParseConfig/the_config_string_is_nil (\u003cTIMESTAMP\u003e)\n","Package":"github.com/mvrahden/go-test/examples/auth","Test":"TestTokenValidatorTestSuite/TestParseConfig/the_config_string_is_nil","Time":"\u003cTIMESTAMP\u003e"}
{"Action":"pass","Elapsed":"\u003cTIMESTAMP\u003e","Package":"github.com/mvrahden/go-test/examples/auth","Test":"TestTokenValidatorTestSuite/TestParseConfig/the_config_string_is_nil","Time":"\u003cTIMESTAMP\u003e"}
{"Action":"run","Package":"github.com/mvrahden/go-test/examples/auth","Test":"TestTokenValidatorTestSuite/TestParseConfig/the_config_string_is_provided","Time":"\u003cTIMESTAMP\u003e"}
{"Action":"output","Output":"=== RUN   TestTokenValidatorTestSuite/TestParseConfig/the_config_string_is_provided\n","Package":"github.com/mvrahden/go-test/examples/auth","Test":"TestTokenValidatorTestSuite/TestParseConfig/the_config_string_is_provided","Time":"\u003cTIMESTAMP\u003e"}
{"Action":"run","Package":"github.com/mvrahden/go-test/examples/auth","Test":"TestTokenValidatorTestSuite/TestParseConfig/the_config_string_is_provided/returns_the_parsed_value","Time":"\u003cTIMESTAMP\u003e"}
{"Action":"output","Output":"=== RUN   TestTokenValidatorTestSuite/TestParseConfig/the_config_string_is_provided/returns_the_parsed_value\n","Package":"github.com/mvrahden/go-test/examples/auth","Test":"TestTokenValidatorTestSuite/TestParseConfig/the_config_string_is_provided/returns_the_parsed_value","Time":"\u003cTIMESTAMP\u003e"}
{"Action":"output","Output":"--- PASS: TestTokenValidatorTestSuite/TestParseConfig/the_config_string_is_provided/returns_the_parsed_value (\u003cTIMESTAMP\u003e)\n","Package":"github.com/mvrahden/go-test/examples/auth","Test":"TestTokenValidatorTestSuite/TestParseConfig/the_config_string_is_provided/returns_the_parsed_value","Time":"\u003cTIMESTAMP\u003e"}
{"Action":"pass","Elapsed":"\u003cTIMESTAMP\u003e","Package":"github.com/mvrahden/go-test/examples/auth","Test":"TestTokenValidatorTestSuite/TestParseConfig/the_config_string_is_provided/returns_the_parsed_value","Time":"\u003cTIMESTAMP\u003e"}
{"Action":"output","Output":"--- PASS: TestTokenValidatorTestSuite/TestParseConfig/the_config_string_is_provided (\u003cTIMESTAMP\u003e)\n","Package":"github.com/mvrahden/go-test/examples/auth","Test":"TestTokenValidatorTestSuite/TestParseConfig/the_config_string_is_provided","Time":"\u003cTIMESTAMP\u003e"}
{"Action":"pass","Elapsed":"\u003cTIMESTAMP\u003e","Package":"github.com/mvrahden/go-test/examples/auth","Test":"TestTokenValidatorTestSuite/TestParseConfig/the_config_string_is_provided","Time":"\u003cTIMESTAMP\u003e"}
{"Action":"output","Output":"--- PASS: TestTokenValidatorTestSuite/TestParseConfig (\u003cTIMESTAMP\u003e)\n","Package":"github.com/mvrahden/go-test/examples/auth","Test":"TestTokenValidatorTestSuite/TestParseConfig","Time":"\u003cTIMESTAMP\u003e"}
{"Action":"pass","Elapsed":"\u003cTIMESTAMP\u003e","Package":"github.com/mvrahden/go-test/examples/auth","Test":"TestTokenValidatorTestSuite/TestParseConfig","Time":"\u003cTIMESTAMP\u003e"}
{"Action":"output","Output":"--- PASS: TestTokenValidatorTestSuite (\u003cTIMESTAMP\u003e)\n","Package":"github.com/mvrahden/go-test/examples/auth","Test":"TestTokenValidatorTestSuite","Time":"\u003cTIMESTAMP\u003e"}
{"Action":"pass","Elapsed":"\u003cTIMESTAMP\u003e","Package":"github.com/mvrahden/go-test/examples/auth","Test":"TestTokenValidatorTestSuite","Time":"\u003cTIMESTAMP\u003e"}
{"Action":"run","Package":"github.com/mvrahden/go-test/examples/auth","Test":"TestTokenValidatorTestSuite","Time":"\u003cTIMESTAMP\u003e"}
{"Action":"output","Output":"=== RUN   TestTokenValidatorTestSuite\n","Package":"github.com/mvrahden/go-test/examples/auth","Test":"TestTokenValidatorTestSuite","Time":"\u003cTIMESTAMP\u003e"}
{"Action":"run","Package":"github.com/mvrahden/go-test/examples/auth","Test":"TestTokenValidatorTestSuite/TestSecretIsConfigured","Time":"\u003cTIMESTAMP\u003e"}
{"Action":"output","Output":"=== RUN   TestTokenValidatorTestSuite/TestSecretIsConfigured\n","Package":"github.com/mvrahden/go-test/examples/auth","Test":"TestTokenValidatorTestSuite/TestSecretIsConfigured","Time":"\u003cTIMESTAMP\u003e"}
{"Action":"run","Package":"github.com/mvrahden/go-test/examples/auth","Test":"TestTokenValidatorTestSuite/TestSecretIsConfigured/the_validator_is_initialized","Time":"\u003cTIMESTAMP\u003e"}
{"Action":"output","Output":"=== RUN   TestTokenValidatorTestSuite/TestSecretIsConfigured/the_validator_is_initialized\n","Package":"github.com/mvrahden/go-test/examples/auth","Test":"TestTokenValidatorTestSuite/TestSecretIsConfigured/the_validator_is_initialized","Time":"\u003cTIMESTAMP\u003e"}
{"Action":"run","Package":"github.com/mvrahden/go-test/examples/auth","Test":"TestTokenValidatorTestSuite/TestSecretIsConfigured/the_validator_is_initialized/has_a_non-empty_secret","Time":"\u003cTIMESTAMP\u003e"}
{"Action":"output","Output":"=== RUN   TestTokenValidatorTestSuite/TestSecretIsConfigured/the_validator_is_initialized/has_a_non-empty_secret\n","Package":"github.com/mvrahden/go-test/examples/auth","Test":"TestTokenValidatorTestSuite/TestSecretIsConfigured/the_validator_is_initialized/has_a_non-empty_secret","Time":"\u003cTIMESTAMP\u003e"}
{"Action":"output","Output":"--- PASS: TestTokenValidatorTestSuite/TestSecretIsConfigured/the_validator_is_initialized/has_a_non-empty_secret (\u003cTIMESTAMP\u003e)\n","Package":"github.com/mvrahden/go-test/examples/auth","Test":"TestTokenValidatorTestSuite/TestSecretIsConfigured/the_validator_is_initialized/has_a_non-empty_secret","Time":"\u003cTIMESTAMP\u003e"}
{"Action":"pass","Elapsed":"\u003cTIMESTAMP\u003e","Package":"github.com/mvrahden/go-test/examples/auth","Test":"TestTokenValidatorTestSuite/TestSecretIsConfigured/the_validator_is_initialized/has_a_non-empty_secret","Time":"\u003cTIMESTAMP\u003e"}
{"Action":"output","Output":"--- PASS: TestTokenValidatorTestSuite/TestSecretIsConfigured/the_validator_is_initialized (\u003cTIMESTAMP\u003e)\n","Package":"github.com/mvrahden/go-test/examples/auth","Test":"TestTokenValidatorTestSuite/TestSecretIsConfigured/the_validator_is_initialized","Time":"\u003cTIMESTAMP\u003e"}
{"Action":"pass","Elapsed":"\u003cTIMESTAMP\u003e","Package":"github.com/mvrahden/go-test/examples/auth","Test":"TestTokenValidatorTestSuite/TestSecretIsConfigured/the_validator_is_initialized","Time":"\u003cTIMESTAMP\u003e"}
{"Action":"output","Output":"--- PASS: TestTokenValidatorTestSuite/TestSecretIsConfigured (\u003cTIMESTAMP\u003e)\n","Package":"github.com/mvrahden/go-test/examples/auth","Test":"TestTokenValidatorTestSuite/TestSecretIsConfigured","Time":"\u003cTIMESTAMP\u003e"}
{"Action":"pass","Elapsed":"\u003cTIMESTAMP\u003e","Package":"github.com/mvrahden/go-test/examples/auth","Test":"TestTokenValidatorTestSuite/TestSecretIsConfigured","Time":"\u003cTIMESTAMP\u003e"}
{"Action":"output","Output":"--- PASS: TestTokenValidatorTestSuite (\u003cTIMESTAMP\u003e)\n","Package":"github.com/mvrahden/go-test/examples/auth","Test":"TestTokenValidatorTestSuite","Time":"\u003cTIMESTAMP\u003e"}
{"Action":"pass","Elapsed":"\u003cTIMESTAMP\u003e","Package":"github.com/mvrahden/go-test/examples/auth","Test":"TestTokenValidatorTestSuite","Time":"\u003cTIMESTAMP\u003e"}
{"Action":"output","Output":"ok  \tgithub.com/mvrahden/go-test/examples/auth\t\u003cTIMESTAMP\u003e\n","Package":"github.com/mvrahden/go-test/examples/auth","Time":"\u003cTIMESTAMP\u003e"}
{"Action":"pass","Elapsed":"\u003cTIMESTAMP\u003e","Package":"github.com/mvrahden/go-test/examples/auth","Time":"\u003cTIMESTAMP\u003e"}

=== SNAP TestOutputFormatGolden/non-verbose/multi-package_mixed_with_failure ===
--- FAIL: TestFailGoldenTestSuite (<TIMESTAMP>)
    --- FAIL: TestFailGoldenTestSuite/TestAlwaysFails (<TIMESTAMP>)
FAIL
FAIL	github.com/mvrahden/go-test/examples/fail_golden	<TIMESTAMP>
ok  	github.com/mvrahden/go-test/examples/auth	<TIMESTAMP>
FAIL

=== SNAP TestOutputFormatGolden/non-verbose/single_passing_package ===
ok  	github.com/mvrahden/go-test/examples/auth	<TIMESTAMP>

=== SNAP TestOutputFormatGolden/verbose/single_passing_package ===
=== RUN   TestTokenValidatorTestSuite
=== RUN   TestTokenValidatorTestSuite/TestValidateToken
=== RUN   TestTokenValidatorTestSuite/TestValidateToken/the_token_is_valid
=== RUN   TestTokenValidatorTestSuite/TestValidateToken/the_token_is_valid/returns_no_error
=== RUN   TestTokenValidatorTestSuite/TestValidateToken/the_token_is_valid/extracts_the_email_claim
=== RUN   TestTokenValidatorTestSuite/TestValidateToken/the_token_is_expired
=== RUN   TestTokenValidatorTestSuite/TestValidateToken/the_token_is_expired/returns_a_TokenExpiredError
=== RUN   TestTokenValidatorTestSuite/TestValidateToken/the_token_is_expired/includes_expiry_in_the_error_message
=== RUN   TestTokenValidatorTestSuite/TestValidateToken/the_signature_is_tampered
=== RUN   TestTokenValidatorTestSuite/TestValidateToken/the_signature_is_tampered/returns_ErrInvalidSignature
=== RUN   TestTokenValidatorTestSuite/TestValidateToken/the_token_is_malformed
=== RUN   TestTokenValidatorTestSuite/TestValidateToken/the_token_is_malformed/returns_ErrTokenMalformed
=== RUN   TestTokenValidatorTestSuite/TestPasswordPolicy
=== RUN   TestTokenValidatorTestSuite/TestPasswordPolicy/strong_password_with_mixed_characters
=== RUN   TestTokenValidatorTestSuite/TestPasswordPolicy/strong_password_with_mixed_characters/evaluates_the_password_correctly
=== RUN   TestTokenValidatorTestSuite/TestPasswordPolicy/too_short
=== RUN   TestTokenValidatorTestSuite/TestPasswordPolicy/too_short/evaluates_the_password_correctly
=== RUN   TestTokenValidatorTestSuite/TestPasswordPolicy/missing_special_characters
=== RUN   TestTokenValidatorTestSuite/TestPasswordPolicy/missing_special_characters/evaluates_the_password_correctly
=== RUN   TestTokenValidatorTestSuite/TestPasswordPolicy/missing_digits
=== RUN   TestTokenValidatorTestSuite/TestPasswordPolicy/missing_digits/evaluates_the_password_correctly
=== RUN   TestTokenValidatorTestSuite/TestPasswordPolicy/exactly_at_minimum_length
=== RUN   TestTokenValidatorTestSuite/TestPasswordPolicy/exactly_at_minimum_length/evaluates_the_password_correctly
=== RUN   TestTokenValidatorTestSuite/TestEmailFormat
=== RUN   TestTokenValidatorTestSuite/TestEmailFormat/standard_email
=== RUN   TestTokenValidatorTestSuite/TestEmailFormat/standard_email/checking_the_format
=== RUN   TestTokenValidatorTestSuite/TestEmailFormat/standard_email/checking_the_format/matches_as_expected
=== RUN   TestTokenValidatorTestSuite/TestEmailFormat/standard_email/checking_the_format/passes_the_full_regex
=== RUN   TestTokenValidatorTestSuite/TestEmailFormat/missing_at_sign
=== RUN   TestTokenValidatorTestSuite/TestEmailFormat/missing_at_sign/checking_the_format
=== RUN   TestTokenValidatorTestSuite/TestEmailFormat/missing_at_sign/checking_the_format/matches_as_expected
=== RUN   TestTokenValidatorTestSuite/TestEmailFormat/subdomain_email
=== RUN   TestTokenValidatorTestSuite/TestEmailFormat/subdomain_email/checking_the_format
=== RUN   TestTokenValidatorTestSuite/TestEmailFormat/subdomain_email/checking_the_format/matches_as_expected
=== RUN   TestTokenValidatorTestSuite/TestEmailFormat/subdomain_email/checking_the_format/passes_the_full_regex
=== RUN   TestTokenValidatorTestSuite/TestEmailFormat/missing_TLD
=== RUN   TestTokenValidatorTestSuite/TestEmailFormat/missing_TLD/checking_the_format
=== RUN   TestTokenValidatorTestSuite/TestEmailFormat/missing_TLD/checking_the_format/matches_as_expected
=== RUN   TestTokenValidatorTestSuite/TestParseConfig
=== RUN   TestTokenValidatorTestSuite/TestParseConfig/the_config_string_is_nil
=== RUN   TestTokenValidatorTestSuite/TestParseConfig/the_config_string_is_nil/panics_with_a_clear_message
=== RUN   TestTokenValidatorTestSuite/TestParseConfig/the_config_string_is_provided
=== RUN   TestTokenValidatorTestSuite/TestParseConfig/the_config_string_is_provided/returns_the_parsed_value
--- PASS: TestTokenValidatorTestSuite (<TIMESTAMP>)
    --- PASS: TestTokenValidatorTestSuite/TestValidateToken (<TIMESTAMP>)
        --- PASS: TestTokenValidatorTestSuite/TestValidateToken/the_token_is_valid (<TIMESTAMP>)
            --- PASS: TestTokenValidatorTestSuite/TestValidateToken/the_token_is_valid/returns_no_error (<TIMESTAMP>)
            --- PASS: TestTokenValidatorTestSuite/TestValidateToken/the_token_is_valid/extracts_the_email_claim (<TIMESTAMP>)
        --- PASS: TestTokenValidatorTestSuite/TestValidateToken/the_token_is_expired (<TIMESTAMP>)
            --- PASS: TestTokenValidatorTestSuite/TestValidateToken/the_token_is_expired/returns_a_TokenExpiredError (<TIMESTAMP>)
            --- PASS: TestTokenValidatorTestSuite/TestValidateToken/the_token_is_expired/includes_expiry_in_the_error_message (<TIMESTAMP>)
        --- PASS: TestTokenValidatorTestSuite/TestValidateToken/the_signature_is_tampered (<TIMESTAMP>)
            --- PASS: TestTokenValidatorTestSuite/TestValidateToken/the_signature_is_tampered/returns_ErrInvalidSignature (<TIMESTAMP>)
        --- PASS: TestTokenValidatorTestSuite/TestValidateToken/the_token_is_malformed (<TIMESTAMP>)
            --- PASS: TestTokenValidatorTestSuite/TestValidateToken/the_token_is_malformed/returns_ErrTokenMalformed (<TIMESTAMP>)
    --- PASS: TestTokenValidatorTestSuite/TestPasswordPolicy (<TIMESTAMP>)
        --- PASS: TestTokenValidatorTestSuite/TestPasswordPolicy/strong_password_with_mixed_characters (<TIMESTAMP>)
            --- PASS: TestTokenValidatorTestSuite/TestPasswordPolicy/strong_password_with_mixed_characters/evaluates_the_password_correctly (<TIMESTAMP>)
        --- PASS: TestTokenValidatorTestSuite/TestPasswordPolicy/too_short (<TIMESTAMP>)
            --- PASS: TestTokenValidatorTestSuite/TestPasswordPolicy/too_short/evaluates_the_password_correctly (<TIMESTAMP>)
        --- PASS: TestTokenValidatorTestSuite/TestPasswordPolicy/missing_special_characters (<TIMESTAMP>)
            --- PASS: TestTokenValidatorTestSuite/TestPasswordPolicy/missing_special_characters/evaluates_the_password_correctly (<TIMESTAMP>)
        --- PASS: TestTokenValidatorTestSuite/TestPasswordPolicy/missing_digits (<TIMESTAMP>)
            --- PASS: TestTokenValidatorTestSuite/TestPasswordPolicy/missing_digits/evaluates_the_password_correctly (<TIMESTAMP>)
        --- PASS: TestTokenValidatorTestSuite/TestPasswordPolicy/exactly_at_minimum_length (<TIMESTAMP>)
            --- PASS: TestTokenValidatorTestSuite/TestPasswordPolicy/exactly_at_minimum_length/evaluates_the_password_correctly (<TIMESTAMP>)
    --- PASS: TestTokenValidatorTestSuite/TestEmailFormat (<TIMESTAMP>)
        --- PASS: TestTokenValidatorTestSuite/TestEmailFormat/standard_email (<TIMESTAMP>)
            --- PASS: TestTokenValidatorTestSuite/TestEmailFormat/standard_email/checking_the_format (<TIMESTAMP>)
                --- PASS: TestTokenValidatorTestSuite/TestEmailFormat/standard_email/checking_the_format/matches_as_expected (<TIMESTAMP>)
                --- PASS: TestTokenValidatorTestSuite/TestEmailFormat/standard_email/checking_the_format/passes_the_full_regex (<TIMESTAMP>)
        --- PASS: TestTokenValidatorTestSuite/TestEmailFormat/missing_at_sign (<TIMESTAMP>)
            --- PASS: TestTokenValidatorTestSuite/TestEmailFormat/missing_at_sign/checking_the_format (<TIMESTAMP>)
                --- PASS: TestTokenValidatorTestSuite/TestEmailFormat/missing_at_sign/checking_the_format/matches_as_expected (<TIMESTAMP>)
        --- PASS: TestTokenValidatorTestSuite/TestEmailFormat/subdomain_email (<TIMESTAMP>)
            --- PASS: TestTokenValidatorTestSuite/TestEmailFormat/subdomain_email/checking_the_format (<TIMESTAMP>)
                --- PASS: TestTokenValidatorTestSuite/TestEmailFormat/subdomain_email/checking_the_format/matches_as_expected (<TIMESTAMP>)
                --- PASS: TestTokenValidatorTestSuite/TestEmailFormat/subdomain_email/checking_the_format/passes_the_full_regex (<TIMESTAMP>)
        --- PASS: TestTokenValidatorTestSuite/TestEmailFormat/missing_TLD (<TIMESTAMP>)
            --- PASS: TestTokenValidatorTestSuite/TestEmailFormat/missing_TLD/checking_the_format (<TIMESTAMP>)
                --- PASS: TestTokenValidatorTestSuite/TestEmailFormat/missing_TLD/checking_the_format/matches_as_expected (<TIMESTAMP>)
    --- PASS: TestTokenValidatorTestSuite/TestParseConfig (<TIMESTAMP>)
        --- PASS: TestTokenValidatorTestSuite/TestParseConfig/the_config_string_is_nil (<TIMESTAMP>)
            --- PASS: TestTokenValidatorTestSuite/TestParseConfig/the_config_string_is_nil/panics_with_a_clear_message (<TIMESTAMP>)
        --- PASS: TestTokenValidatorTestSuite/TestParseConfig/the_config_string_is_provided (<TIMESTAMP>)
            --- PASS: TestTokenValidatorTestSuite/TestParseConfig/the_config_string_is_provided/returns_the_parsed_value (<TIMESTAMP>)
=== RUN   TestTokenValidatorTestSuite
=== RUN   TestTokenValidatorTestSuite/TestSecretIsConfigured
=== RUN   TestTokenValidatorTestSuite/TestSecretIsConfigured/the_validator_is_initialized
=== RUN   TestTokenValidatorTestSuite/TestSecretIsConfigured/the_validator_is_initialized/has_a_non-empty_secret
--- PASS: TestTokenValidatorTestSuite (<TIMESTAMP>)
    --- PASS: TestTokenValidatorTestSuite/TestSecretIsConfigured (<TIMESTAMP>)
        --- PASS: TestTokenValidatorTestSuite/TestSecretIsConfigured/the_validator_is_initialized (<TIMESTAMP>)
            --- PASS: TestTokenValidatorTestSuite/TestSecretIsConfigured/the_validator_is_initialized/has_a_non-empty_secret (<TIMESTAMP>)
PASS
ok  	github.com/mvrahden/go-test/examples/auth	<TIMESTAMP>

