=== RUN   TestSimpleTestSuite
=== RUN   TestSimpleTestSuite/TestT
=== RUN   TestSimpleTestSuite/TestT/should_perform_the_test_case
    t_test.go:13: failed for reasons
=== RUN   TestSimpleTestSuite/TestIsTrue
=== RUN   TestSimpleTestSuite/TestIsTrue/fails
    t_test.go:19: True failed:
          expected: true
          actual:   false
=== RUN   TestSimpleTestSuite/TestIsTrue/succeeds
=== RUN   TestSimpleTestSuite/TestIsFalse
=== RUN   TestSimpleTestSuite/TestIsFalse/fails
    t_test.go:28: False failed:
          expected: false
          actual:   true
=== RUN   TestSimpleTestSuite/TestIsFalse/succeeds
=== RUN   TestSimpleTestSuite/TestIsEqualTo
=== RUN   TestSimpleTestSuite/TestIsEqualTo/fails
    t_test.go:37: Equal failed:
          expected: []string{"def"}
          actual:   []string{"abc"}
=== RUN   TestSimpleTestSuite/TestIsEqualTo/succeeds
=== RUN   TestSimpleTestSuite/TestIsZero
=== RUN   TestSimpleTestSuite/TestIsZero/fails
    t_test.go:46: Zero failed:
          expected: "" (zero value)
          actual:   "abc"
=== RUN   TestSimpleTestSuite/TestIsZero/succeeds
=== RUN   TestSimpleTestSuite/TestIsEmpty
=== RUN   TestSimpleTestSuite/TestIsEmpty/fails
    t_test.go:55: Empty failed:
          object is not empty: []string{"abc"}
=== RUN   TestSimpleTestSuite/TestIsEmpty/succeeds
=== RUN   TestSimpleTestSuite/TestHasLength
=== RUN   TestSimpleTestSuite/TestHasLength/fails
    t_test.go:65: Len failed:
          expected length 3
          actual length 1
=== RUN   TestSimpleTestSuite/TestHasLength/succeeds
=== RUN   TestSimpleTestSuite/TestContains
=== RUN   TestSimpleTestSuite/TestContains/fails
    t_test.go:75: Contains failed:
          "hello" does not contain "xyz"
=== RUN   TestSimpleTestSuite/TestContains/succeeds
=== RUN   TestSimpleTestSuite/TestStdlibCompat
    assertions.go:<LINE>: t_test.go:84: True failed:
          expected: true
          actual:   false
=== RUN   TestSimpleTestSuite/TestHelperTrace
=== RUN   TestSimpleTestSuite/TestHelperTrace/shows_called_from_trace
    t_test.go:88: True failed:
          expected: true
          actual:   false
--- FAIL: TestSimpleTestSuite (<TIMESTAMP>)
    --- FAIL: TestSimpleTestSuite/TestT (<TIMESTAMP>)
        --- FAIL: TestSimpleTestSuite/TestT/should_perform_the_test_case (<TIMESTAMP>)
    --- FAIL: TestSimpleTestSuite/TestIsTrue (<TIMESTAMP>)
        --- FAIL: TestSimpleTestSuite/TestIsTrue/fails (<TIMESTAMP>)
        --- PASS: TestSimpleTestSuite/TestIsTrue/succeeds (<TIMESTAMP>)
    --- FAIL: TestSimpleTestSuite/TestIsFalse (<TIMESTAMP>)
        --- FAIL: TestSimpleTestSuite/TestIsFalse/fails (<TIMESTAMP>)
        --- PASS: TestSimpleTestSuite/TestIsFalse/succeeds (<TIMESTAMP>)
    --- FAIL: TestSimpleTestSuite/TestIsEqualTo (<TIMESTAMP>)
        --- FAIL: TestSimpleTestSuite/TestIsEqualTo/fails (<TIMESTAMP>)
        --- PASS: TestSimpleTestSuite/TestIsEqualTo/succeeds (<TIMESTAMP>)
    --- FAIL: TestSimpleTestSuite/TestIsZero (<TIMESTAMP>)
        --- FAIL: TestSimpleTestSuite/TestIsZero/fails (<TIMESTAMP>)
        --- PASS: TestSimpleTestSuite/TestIsZero/succeeds (<TIMESTAMP>)
    --- FAIL: TestSimpleTestSuite/TestIsEmpty (<TIMESTAMP>)
        --- FAIL: TestSimpleTestSuite/TestIsEmpty/fails (<TIMESTAMP>)
        --- PASS: TestSimpleTestSuite/TestIsEmpty/succeeds (<TIMESTAMP>)
    --- FAIL: TestSimpleTestSuite/TestHasLength (<TIMESTAMP>)
        --- FAIL: TestSimpleTestSuite/TestHasLength/fails (<TIMESTAMP>)
        --- PASS: TestSimpleTestSuite/TestHasLength/succeeds (<TIMESTAMP>)
    --- FAIL: TestSimpleTestSuite/TestContains (<TIMESTAMP>)
        --- FAIL: TestSimpleTestSuite/TestContains/fails (<TIMESTAMP>)
        --- PASS: TestSimpleTestSuite/TestContains/succeeds (<TIMESTAMP>)
    --- FAIL: TestSimpleTestSuite/TestStdlibCompat (<TIMESTAMP>)
    --- FAIL: TestSimpleTestSuite/TestHelperTrace (<TIMESTAMP>)
        --- FAIL: TestSimpleTestSuite/TestHelperTrace/shows_called_from_trace (<TIMESTAMP>)
FAIL
FAIL	github.com/mvrahden/go-test/pkg/gotest	<TIMESTAMP>
exit status 1
