=== SNAP TestConsistently/assertion_fails_during_polling/failure_references_this_file ===
linereport_suite_test.go:33: Consistently failed on poll 3:
    linereport_suite_test.go:178: True failed:
  expected: true
  actual:   false
  message: broke on poll 3
=== SNAP TestDirectAssertion/called_via_*R_(Record)/reports_this_file_as_the_call_site ===
linereport_suite_test.go:60: Equal failed:
  expected: 1
  actual:   2
=== SNAP TestDirectAssertion/called_via_spyT_(no_Helper_method)/reports_this_file_as_the_call_site ===
linereport_suite_test.go:33: Equal failed:
  expected: 1
  actual:   2
=== SNAP TestEventually/called_directly_from_test_(no_helper)/timeout_references_this_file ===
linereport_suite_test.go:33: Eventually failed after 50ms (5 polls):
  last failure:
    linereport_suite_test.go:145: True failed:
  expected: true
  actual:   false
=== SNAP TestEventually/inner_assertion_fails_(via_*R)/timeout_includes_inner_assertion_call_site ===
linereport_suite_test.go:33: Eventually failed after 50ms (5 polls):
  last failure:
    linereport_suite_test.go:133: True failed:
  expected: true
  actual:   false
  message: condition not met
=== SNAP TestHelperCallingEventually/Eventually_times_out_inside_a_helper/traces_back_to_this_file_not_the_helper ===
linereport_suite_test.go:33: Eventually failed after 50ms (5 polls):
  last failure:
    linereport_helpers_test.go:30: True failed:
  expected: true
  actual:   false
  message: condition not met
=== SNAP TestNestedHelpers/called_via_*R_through_two_levels_of_helpers/reports_this_file_as_the_outermost_call_site ===
linereport_suite_test.go:108: Equal failed:
  expected: 1
  actual:   2
=== SNAP TestNestedHelpers/called_via_spyT_through_two_levels_of_helpers/reports_this_file_as_the_outermost_call_site ===
linereport_suite_test.go:33: Equal failed:
  expected: 1
  actual:   2
=== SNAP TestSingleHelper/called_via_*R_through_a_helper_in_another_file/reports_this_file_not_the_helper_file ===
linereport_suite_test.go:84: Equal failed:
  expected: 1
  actual:   2
=== SNAP TestSingleHelper/called_via_spyT_through_a_helper_in_another_file/reports_this_file_not_the_helper_file ===
linereport_suite_test.go:33: Equal failed:
  expected: 1
  actual:   2
